// Jest Snapshot v1, https://goo.gl/fbAQLP

exports[`[Redux] store should match snapshot 1`] = `
Object {
  "movies": Object {
    "movieDetails": Object {},
    "moviesFound": Array [],
  },
}
`;
